
vhdlfe V6.3 IR 35:  VHDL parser
Mon Jun 22 17:17:09 2020

Setting library 'work' to directory 'lc372i'

vhdlfe:  No errors.


vhdlfe V6.3 IR 35:  VHDL parser
Mon Jun 22 17:18:53 2020

Setting library 'work' to directory 'lc372i'

vhdlfe:  No errors.


vhdlfe V6.3 IR 35:  VHDL parser
Mon Jun 22 17:18:54 2020

Setting library 'work' to directory 'lc372i'

vhdlfe:  No errors.


vhdlfe V6.3 IR 35:  VHDL parser
Mon Jun 22 17:18:55 2020

Setting library 'work' to directory 'lc372i'

vhdlfe:  No errors.


vhdlfe V6.3 IR 35:  VHDL parser
Mon Jun 22 17:18:56 2020

Setting library 'work' to directory 'lc372i'

vhdlfe:  No errors.


vhdlfe V6.3 IR 35:  VHDL parser
Mon Jun 22 17:18:56 2020

Setting library 'work' to directory 'lc372i'

vhdlfe:  No errors.


vhdlfe V6.3 IR 35:  VHDL parser
Mon Jun 22 17:18:57 2020

Setting library 'work' to directory 'lc372i'

vhdlfe:  No errors.


vhdlfe V6.3 IR 35:  VHDL parser
Mon Jun 22 17:18:58 2020

Setting library 'work' to directory 'lc372i'

vhdlfe:  No errors.


vhdlfe V6.3 IR 35:  VHDL parser
Mon Jun 22 17:18:58 2020

Setting library 'work' to directory 'lc372i'

vhdlfe:  No errors.


vhdlfe V6.3 IR 35:  VHDL parser
Mon Jun 22 17:18:59 2020

Setting library 'work' to directory 'lc372i'

vhdlfe:  No errors.


vhdlfe V6.3 IR 35:  VHDL parser
Mon Jun 22 17:19:34 2020

Setting library 'work' to directory 'lc372i'

vhdlfe:  No errors.


vhdlfe V6.3 IR 35:  VHDL parser
Mon Jun 22 17:21:27 2020

Setting library 'work' to directory 'lc372i'

vhdlfe:  No errors.


vhdlfe V6.3 IR 35:  VHDL parser
Mon Jun 22 17:23:11 2020

Setting library 'work' to directory 'lc372i'

vhdlfe:  No errors.


vhdlfe V6.3 IR 35:  VHDL parser
Mon Jun 22 17:24:48 2020

Setting library 'work' to directory 'lc372i'

vhdlfe:  No errors.


vhdlfe V6.3 IR 35:  VHDL parser
Mon Jun 22 17:27:48 2020

Setting library 'work' to directory 'lc372i'

vhdlfe:  No errors.


vhdlfe V6.3 IR 35:  VHDL parser
Mon Jun 22 17:28:55 2020

Setting library 'work' to directory 'lc372i'

vhdlfe:  No errors.


vhdlfe V6.3 IR 35:  VHDL parser
Mon Jun 22 17:29:18 2020

Setting library 'work' to directory 'lc372i'

vhdlfe:  No errors.


vhdlfe V6.3 IR 35:  VHDL parser
Mon Jun 22 17:29:44 2020

Setting library 'work' to directory 'lc372i'

vhdlfe:  No errors.


vhdlfe V6.3 IR 35:  VHDL parser
Mon Jun 22 17:31:30 2020

Setting library 'work' to directory 'lc372i'

vhdlfe:  No errors.


vhdlfe V6.3 IR 35:  VHDL parser
Mon Jun 22 17:33:53 2020

Setting library 'work' to directory 'lc372i'

vhdlfe:  No errors.


vhdlfe V6.3 IR 35:  VHDL parser
Mon Jun 22 17:34:36 2020

Setting library 'work' to directory 'lc372i'

vhdlfe:  No errors.


vhdlfe V6.3 IR 35:  VHDL parser
Mon Jun 22 17:40:29 2020

Setting library 'work' to directory 'lc372i'

vhdlfe:  No errors.


vhdlfe V6.3 IR 35:  VHDL parser
Mon Jun 22 17:43:02 2020

Setting library 'work' to directory 'lc372i'

vhdlfe:  No errors.


vhdlfe V6.3 IR 35:  VHDL parser
Mon Jun 22 17:43:24 2020

Setting library 'work' to directory 'lc372i'

vhdlfe:  No errors.


vhdlfe V6.3 IR 35:  VHDL parser
Mon Jun 22 17:43:53 2020

Setting library 'work' to directory 'lc372i'

vhdlfe:  No errors.


vhdlfe V6.3 IR 35:  VHDL parser
Mon Jun 22 18:00:02 2020

Setting library 'work' to directory 'lc372i'

vhdlfe:  No errors.


vhdlfe V6.3 IR 35:  VHDL parser
Mon Jun 22 18:00:52 2020

Setting library 'work' to directory 'lc372i'

vhdlfe:  No errors.


vhdlfe V6.3 IR 35:  VHDL parser
Mon Jun 22 18:01:12 2020

Setting library 'work' to directory 'lc372i'

vhdlfe:  No errors.


vhdlfe V6.3 IR 35:  VHDL parser
Mon Jun 22 18:01:33 2020

Setting library 'work' to directory 'lc372i'

vhdlfe:  No errors.


vhdlfe V6.3 IR 35:  VHDL parser
Mon Jun 22 18:01:56 2020

Setting library 'work' to directory 'lc372i'

vhdlfe:  No errors.


vhdlfe V6.3 IR 35:  VHDL parser
Mon Jun 22 18:03:36 2020

Setting library 'work' to directory 'lc372i'

vhdlfe:  No errors.

